Copyright 1986-2022 Xilinx, Inc. All Rights Reserved.
----------------------------------------------------------------------------------------------
| Tool Version : Vivado v.2022.2 (win64) Build 3671981 Fri Oct 14 05:00:03 MDT 2022
| Date         : Fri Oct  9 05:38:11 2026
| Host         : LAPTOP-6D98Q4KP running 64-bit major release  (build 9200)
| Command      : report_control_sets -verbose -file wrapper_nexys_top_control_sets_placed.rpt
| Design       : wrapper_nexys_top
| Device       : xc7a100t
----------------------------------------------------------------------------------------------

Control Set Information

Table of Contents
-----------------
1. Summary
2. Histogram
3. Flip-Flop Distribution
4. Detailed Control Set Information

1. Summary
----------

+----------------------------------------------------------+-------+
|                          Status                          | Count |
+----------------------------------------------------------+-------+
| Total control sets                                       |    11 |
|    Minimum number of control sets                        |    11 |
|    Addition due to synthesis replication                 |     0 |
|    Addition due to physical synthesis replication        |     0 |
| Unused register locations in slices containing registers |    19 |
+----------------------------------------------------------+-------+
* Control sets can be merged at opt_design using control_set_merge or merge_equivalent_drivers
** Run report_qor_suggestions for automated merging and remapping suggestions


2. Histogram
------------

+--------------------+-------+
|       Fanout       | Count |
+--------------------+-------+
| Total control sets |    11 |
| >= 0 to < 4        |     1 |
| >= 4 to < 6        |     1 |
| >= 6 to < 8        |     1 |
| >= 8 to < 10       |     0 |
| >= 10 to < 12      |     0 |
| >= 12 to < 14      |     0 |
| >= 14 to < 16      |     0 |
| >= 16              |     8 |
+--------------------+-------+
* Control sets can be remapped at either synth_design or opt_design


3. Flip-Flop Distribution
-------------------------

+--------------+-----------------------+------------------------+-----------------+--------------+
| Clock Enable | Synchronous Set/Reset | Asynchronous Set/Reset | Total Registers | Total Slices |
+--------------+-----------------------+------------------------+-----------------+--------------+
| No           | No                    | No                     |               3 |            1 |
| No           | No                    | Yes                    |               0 |            0 |
| No           | Yes                   | No                     |              90 |           29 |
| Yes          | No                    | No                     |               0 |            0 |
| Yes          | No                    | Yes                    |               0 |            0 |
| Yes          | Yes                   | No                     |              96 |           28 |
+--------------+-----------------------+------------------------+-----------------+--------------+


4. Detailed Control Set Information
-----------------------------------

+-----------------------------+----------------------------------------------+-----------------------------------------------------+------------------+----------------+--------------+
|         Clock Signal        |                 Enable Signal                |                   Set/Reset Signal                  | Slice Load Count | Bel Load Count | Bels / Slice |
+-----------------------------+----------------------------------------------+-----------------------------------------------------+------------------+----------------+--------------+
|  clk_sevenseg/clk_int_reg_0 |                                              |                                                     |                1 |              3 |         3.00 |
|  clk_wiz_inst/inst/clk_out1 | cpci/detecty/zero_count[3]_i_2_n_0           | toppyty/rvsingle/dp/pcreg/SR[0]                     |                2 |              4 |         2.00 |
|  clk_wiz_inst/inst/clk_out1 | cpci/count_for_mem/butt_deb/count[6]_i_1_n_0 | reset_IBUF                                          |                4 |              7 |         1.75 |
|  clk_wiz_inst/inst/clk_out1 |                                              | clk_sevenseg/counter[0]_i_1_n_0                     |                5 |             19 |         3.80 |
|  clk_wiz_inst/inst/clk_out1 | cpci/count_for_mem/butt_deb/sel              | cpci/count_for_mem/butt_deb/debounce_cnt[0]_i_1_n_0 |                6 |             21 |         3.50 |
|  clk_wiz_inst/inst/clk_out1 | toppyty/rvsingle/dp/pcreg/MemWrite           |                                                     |                8 |             32 |         4.00 |
|  clk_wiz_inst/inst/clk_out1 | cpci/countty_inst/count[0]_i_1_n_0           | reset_IBUF                                          |                8 |             32 |         4.00 |
|  clk_wiz_inst/inst/clk_out1 | cpci/detecty/programmy_on                    | reset_IBUF                                          |                8 |             32 |         4.00 |
|  clk_wiz_inst/inst/clk_out1 | cpci/detecty/programmy_on                    |                                                     |               11 |             44 |         4.00 |
|  clk_wiz_inst/inst/clk_out1 |                                              | reset_IBUF                                          |               24 |             71 |         2.96 |
|  clk_wiz_inst/inst/clk_out1 | toppyty/rvsingle/dp/pcreg/WE3                |                                                     |               11 |             88 |         8.00 |
+-----------------------------+----------------------------------------------+-----------------------------------------------------+------------------+----------------+--------------+


